Archive member included to satisfy reference by file (symbol)

C:\Users\Sergei\Documents\LPCXpresso_8.2.2_650\workspace\CMSISv2p00_LPC17xx\Debug\libCMSISv2p00_LPC17xx.a(system_LPC17xx.o)
                              ./src/cr_startup_lpc175x_6x.o (SystemInit)
c:/nxp/lpcxpresso_8.2.2_650/lpcxpresso/tools/bin/../lib/gcc/arm-none-eabi/5.4.1/../../../../arm-none-eabi/lib/armv7-m\libcr_c.a(__weak__main.o)
                              ./src/cr_startup_lpc175x_6x.o (__main)
c:/nxp/lpcxpresso_8.2.2_650/lpcxpresso/tools/bin/../lib/gcc/arm-none-eabi/5.4.1/armv7-m\libcr_eabihelpers.a(division_64.o)
                              C:\Users\Sergei\Documents\LPCXpresso_8.2.2_650\workspace\CMSISv2p00_LPC17xx\Debug\libCMSISv2p00_LPC17xx.a(system_LPC17xx.o) (__aeabi_uldivmod)
c:/nxp/lpcxpresso_8.2.2_650/lpcxpresso/tools/bin/../lib/gcc/arm-none-eabi/5.4.1/armv7-m\libcr_eabihelpers.a(division_idiv0.o)
                              c:/nxp/lpcxpresso_8.2.2_650/lpcxpresso/tools/bin/../lib/gcc/arm-none-eabi/5.4.1/armv7-m\libcr_eabihelpers.a(division_64.o) (__aeabi_idiv0)

Discarded input sections

 .group         0x00000000        0x8 ./src/Trabajo2_TIMER.o
 .group         0x00000000        0x8 ./src/Trabajo2_TIMER.o
 .group         0x00000000        0x8 ./src/Trabajo2_TIMER.o
 .group         0x00000000        0x8 ./src/Trabajo2_TIMER.o
 .group         0x00000000        0x8 ./src/Trabajo2_TIMER.o
 .group         0x00000000        0x8 ./src/Trabajo2_TIMER.o
 .group         0x00000000        0x8 ./src/Trabajo2_TIMER.o
 .group         0x00000000        0x8 ./src/Trabajo2_TIMER.o
 .group         0x00000000        0x8 ./src/Trabajo2_TIMER.o
 .group         0x00000000        0x8 ./src/Trabajo2_TIMER.o
 .text          0x00000000        0x0 ./src/Trabajo2_TIMER.o
 .data          0x00000000        0x0 ./src/Trabajo2_TIMER.o
 .bss           0x00000000        0x0 ./src/Trabajo2_TIMER.o
 .rodata.FIO0DIR
                0x00000000        0x4 ./src/Trabajo2_TIMER.o
 .rodata.FIO0SET
                0x00000000        0x4 ./src/Trabajo2_TIMER.o
 .rodata.FIO0CLR
                0x00000000        0x4 ./src/Trabajo2_TIMER.o
 .rodata.FIO0PIN
                0x00000000        0x4 ./src/Trabajo2_TIMER.o
 .rodata.FIO2DIR
                0x00000000        0x4 ./src/Trabajo2_TIMER.o
 .rodata.FIO2SET
                0x00000000        0x4 ./src/Trabajo2_TIMER.o
 .rodata.FIO2PIN
                0x00000000        0x4 ./src/Trabajo2_TIMER.o
 .rodata.FIO3DIR
                0x00000000        0x4 ./src/Trabajo2_TIMER.o
 .rodata.FIO3CLR
                0x00000000        0x4 ./src/Trabajo2_TIMER.o
 .rodata.FIO3SET
                0x00000000        0x4 ./src/Trabajo2_TIMER.o
 .rodata.ISER0  0x00000000        0x4 ./src/Trabajo2_TIMER.o
 .rodata.PCONP  0x00000000        0x4 ./src/Trabajo2_TIMER.o
 .rodata.T0IR   0x00000000        0x4 ./src/Trabajo2_TIMER.o
 .rodata.T0TCR  0x00000000        0x4 ./src/Trabajo2_TIMER.o
 .rodata.T0PR   0x00000000        0x4 ./src/Trabajo2_TIMER.o
 .rodata.T0MCR  0x00000000        0x4 ./src/Trabajo2_TIMER.o
 .rodata.T0MR0  0x00000000        0x4 ./src/Trabajo2_TIMER.o
 .rodata.T0MR1  0x00000000        0x4 ./src/Trabajo2_TIMER.o
 .rodata.PCLKSEL0
                0x00000000        0x4 ./src/Trabajo2_TIMER.o
 .bss.i.5000    0x00000000        0x4 ./src/Trabajo2_TIMER.o
 .group         0x00000000        0x8 ./src/cr_startup_lpc175x_6x.o
 .text          0x00000000        0x0 ./src/cr_startup_lpc175x_6x.o
 .data          0x00000000        0x0 ./src/cr_startup_lpc175x_6x.o
 .bss           0x00000000        0x0 ./src/cr_startup_lpc175x_6x.o
 .debug_macro   0x00000000      0x88c ./src/cr_startup_lpc175x_6x.o
 .group         0x00000000        0x8 ./src/crp.o
 .group         0x00000000        0x8 ./src/crp.o
 .text          0x00000000        0x0 ./src/crp.o
 .data          0x00000000        0x0 ./src/crp.o
 .bss           0x00000000        0x0 ./src/crp.o
 .debug_macro   0x00000000      0x88c ./src/crp.o
 .group         0x00000000        0x8 C:\Users\Sergei\Documents\LPCXpresso_8.2.2_650\workspace\CMSISv2p00_LPC17xx\Debug\libCMSISv2p00_LPC17xx.a(system_LPC17xx.o)
 .group         0x00000000        0x8 C:\Users\Sergei\Documents\LPCXpresso_8.2.2_650\workspace\CMSISv2p00_LPC17xx\Debug\libCMSISv2p00_LPC17xx.a(system_LPC17xx.o)
 .group         0x00000000        0x8 C:\Users\Sergei\Documents\LPCXpresso_8.2.2_650\workspace\CMSISv2p00_LPC17xx\Debug\libCMSISv2p00_LPC17xx.a(system_LPC17xx.o)
 .group         0x00000000        0x8 C:\Users\Sergei\Documents\LPCXpresso_8.2.2_650\workspace\CMSISv2p00_LPC17xx\Debug\libCMSISv2p00_LPC17xx.a(system_LPC17xx.o)
 .group         0x00000000        0x8 C:\Users\Sergei\Documents\LPCXpresso_8.2.2_650\workspace\CMSISv2p00_LPC17xx\Debug\libCMSISv2p00_LPC17xx.a(system_LPC17xx.o)
 .group         0x00000000        0x8 C:\Users\Sergei\Documents\LPCXpresso_8.2.2_650\workspace\CMSISv2p00_LPC17xx\Debug\libCMSISv2p00_LPC17xx.a(system_LPC17xx.o)
 .group         0x00000000        0x8 C:\Users\Sergei\Documents\LPCXpresso_8.2.2_650\workspace\CMSISv2p00_LPC17xx\Debug\libCMSISv2p00_LPC17xx.a(system_LPC17xx.o)
 .group         0x00000000        0x8 C:\Users\Sergei\Documents\LPCXpresso_8.2.2_650\workspace\CMSISv2p00_LPC17xx\Debug\libCMSISv2p00_LPC17xx.a(system_LPC17xx.o)
 .group         0x00000000        0x8 C:\Users\Sergei\Documents\LPCXpresso_8.2.2_650\workspace\CMSISv2p00_LPC17xx\Debug\libCMSISv2p00_LPC17xx.a(system_LPC17xx.o)
 .text          0x00000000        0x0 C:\Users\Sergei\Documents\LPCXpresso_8.2.2_650\workspace\CMSISv2p00_LPC17xx\Debug\libCMSISv2p00_LPC17xx.a(system_LPC17xx.o)
 .data          0x00000000        0x0 C:\Users\Sergei\Documents\LPCXpresso_8.2.2_650\workspace\CMSISv2p00_LPC17xx\Debug\libCMSISv2p00_LPC17xx.a(system_LPC17xx.o)
 .bss           0x00000000        0x0 C:\Users\Sergei\Documents\LPCXpresso_8.2.2_650\workspace\CMSISv2p00_LPC17xx\Debug\libCMSISv2p00_LPC17xx.a(system_LPC17xx.o)
 .text.SystemCoreClockUpdate
                0x00000000       0xb4 C:\Users\Sergei\Documents\LPCXpresso_8.2.2_650\workspace\CMSISv2p00_LPC17xx\Debug\libCMSISv2p00_LPC17xx.a(system_LPC17xx.o)
 .data.SystemCoreClock
                0x00000000        0x4 C:\Users\Sergei\Documents\LPCXpresso_8.2.2_650\workspace\CMSISv2p00_LPC17xx\Debug\libCMSISv2p00_LPC17xx.a(system_LPC17xx.o)
 .debug_macro   0x00000000       0x10 C:\Users\Sergei\Documents\LPCXpresso_8.2.2_650\workspace\CMSISv2p00_LPC17xx\Debug\libCMSISv2p00_LPC17xx.a(system_LPC17xx.o)
 .debug_macro   0x00000000      0x12d C:\Users\Sergei\Documents\LPCXpresso_8.2.2_650\workspace\CMSISv2p00_LPC17xx\Debug\libCMSISv2p00_LPC17xx.a(system_LPC17xx.o)
 .debug_macro   0x00000000      0x5b2 C:\Users\Sergei\Documents\LPCXpresso_8.2.2_650\workspace\CMSISv2p00_LPC17xx\Debug\libCMSISv2p00_LPC17xx.a(system_LPC17xx.o)
 .debug_macro   0x00000000       0x1c C:\Users\Sergei\Documents\LPCXpresso_8.2.2_650\workspace\CMSISv2p00_LPC17xx\Debug\libCMSISv2p00_LPC17xx.a(system_LPC17xx.o)
 .debug_macro   0x00000000       0x2e C:\Users\Sergei\Documents\LPCXpresso_8.2.2_650\workspace\CMSISv2p00_LPC17xx\Debug\libCMSISv2p00_LPC17xx.a(system_LPC17xx.o)
 .debug_macro   0x00000000       0x18 C:\Users\Sergei\Documents\LPCXpresso_8.2.2_650\workspace\CMSISv2p00_LPC17xx\Debug\libCMSISv2p00_LPC17xx.a(system_LPC17xx.o)
 .debug_macro   0x00000000      0x7af C:\Users\Sergei\Documents\LPCXpresso_8.2.2_650\workspace\CMSISv2p00_LPC17xx\Debug\libCMSISv2p00_LPC17xx.a(system_LPC17xx.o)
 .debug_macro   0x00000000      0x2c7 C:\Users\Sergei\Documents\LPCXpresso_8.2.2_650\workspace\CMSISv2p00_LPC17xx\Debug\libCMSISv2p00_LPC17xx.a(system_LPC17xx.o)
 .text          0x00000000        0x0 c:/nxp/lpcxpresso_8.2.2_650/lpcxpresso/tools/bin/../lib/gcc/arm-none-eabi/5.4.1/../../../../arm-none-eabi/lib/armv7-m\libcr_c.a(__weak__main.o)
 .data          0x00000000        0x0 c:/nxp/lpcxpresso_8.2.2_650/lpcxpresso/tools/bin/../lib/gcc/arm-none-eabi/5.4.1/../../../../arm-none-eabi/lib/armv7-m\libcr_c.a(__weak__main.o)
 .bss           0x00000000        0x0 c:/nxp/lpcxpresso_8.2.2_650/lpcxpresso/tools/bin/../lib/gcc/arm-none-eabi/5.4.1/../../../../arm-none-eabi/lib/armv7-m\libcr_c.a(__weak__main.o)
 .text          0x00000000        0x0 c:/nxp/lpcxpresso_8.2.2_650/lpcxpresso/tools/bin/../lib/gcc/arm-none-eabi/5.4.1/armv7-m\libcr_eabihelpers.a(division_64.o)
 .data          0x00000000        0x0 c:/nxp/lpcxpresso_8.2.2_650/lpcxpresso/tools/bin/../lib/gcc/arm-none-eabi/5.4.1/armv7-m\libcr_eabihelpers.a(division_64.o)
 .bss           0x00000000        0x0 c:/nxp/lpcxpresso_8.2.2_650/lpcxpresso/tools/bin/../lib/gcc/arm-none-eabi/5.4.1/armv7-m\libcr_eabihelpers.a(division_64.o)
 .text.__aeabi_division_ldivmod
                0x00000000       0x26 c:/nxp/lpcxpresso_8.2.2_650/lpcxpresso/tools/bin/../lib/gcc/arm-none-eabi/5.4.1/armv7-m\libcr_eabihelpers.a(division_64.o)
 .text.__aeabi_division_uldivmod
                0x00000000      0x174 c:/nxp/lpcxpresso_8.2.2_650/lpcxpresso/tools/bin/../lib/gcc/arm-none-eabi/5.4.1/armv7-m\libcr_eabihelpers.a(division_64.o)
 .ARM.attributes
                0x00000000       0x21 c:/nxp/lpcxpresso_8.2.2_650/lpcxpresso/tools/bin/../lib/gcc/arm-none-eabi/5.4.1/armv7-m\libcr_eabihelpers.a(division_64.o)
 .text          0x00000000        0x0 c:/nxp/lpcxpresso_8.2.2_650/lpcxpresso/tools/bin/../lib/gcc/arm-none-eabi/5.4.1/armv7-m\libcr_eabihelpers.a(division_idiv0.o)
 .data          0x00000000        0x0 c:/nxp/lpcxpresso_8.2.2_650/lpcxpresso/tools/bin/../lib/gcc/arm-none-eabi/5.4.1/armv7-m\libcr_eabihelpers.a(division_idiv0.o)
 .bss           0x00000000        0x0 c:/nxp/lpcxpresso_8.2.2_650/lpcxpresso/tools/bin/../lib/gcc/arm-none-eabi/5.4.1/armv7-m\libcr_eabihelpers.a(division_idiv0.o)
 .text.__aeabi_division_idiv0
                0x00000000        0x2 c:/nxp/lpcxpresso_8.2.2_650/lpcxpresso/tools/bin/../lib/gcc/arm-none-eabi/5.4.1/armv7-m\libcr_eabihelpers.a(division_idiv0.o)
 .ARM.attributes
                0x00000000       0x21 c:/nxp/lpcxpresso_8.2.2_650/lpcxpresso/tools/bin/../lib/gcc/arm-none-eabi/5.4.1/armv7-m\libcr_eabihelpers.a(division_idiv0.o)

Memory Configuration

Name             Origin             Length             Attributes
MFlash512        0x00000000         0x00080000         xr
RamLoc32         0x10000000         0x00008000         xrw
RamAHB32         0x2007c000         0x00008000         xrw
*default*        0x00000000         0xffffffff

Linker script and memory map

LOAD ./src/Trabajo2_TIMER.o
LOAD ./src/cr_startup_lpc175x_6x.o
LOAD ./src/crp.o
LOAD C:\Users\Sergei\Documents\LPCXpresso_8.2.2_650\workspace\CMSISv2p00_LPC17xx\Debug\libCMSISv2p00_LPC17xx.a
START GROUP
LOAD c:/nxp/lpcxpresso_8.2.2_650/lpcxpresso/tools/bin/../lib/gcc/arm-none-eabi/5.4.1/../../../../arm-none-eabi/lib/armv7-m\libcr_c.a
LOAD c:/nxp/lpcxpresso_8.2.2_650/lpcxpresso/tools/bin/../lib/gcc/arm-none-eabi/5.4.1/armv7-m\libcr_eabihelpers.a
END GROUP
                0x00000000                __base_MFlash512 = 0x0
                0x00000000                __base_Flash = 0x0
                0x00080000                __top_MFlash512 = 0x80000
                0x00080000                __top_Flash = 0x80000
                0x10000000                __base_RamLoc32 = 0x10000000
                0x10000000                __base_RAM = 0x10000000
                0x10008000                __top_RamLoc32 = 0x10008000
                0x10008000                __top_RAM = 0x10008000
                0x2007c000                __base_RamAHB32 = 0x2007c000
                0x2007c000                __base_RAM2 = 0x2007c000
                0x20084000                __top_RamAHB32 = 0x20084000
                0x20084000                __top_RAM2 = 0x20084000

.text           0x00000000      0x50c
 FILL mask 0xff
                0x00000000                __vectors_start__ = ABSOLUTE (.)
 *(.isr_vector)
 .isr_vector    0x00000000       0xcc ./src/cr_startup_lpc175x_6x.o
                0x00000000                g_pfnVectors
                0x000000cc                . = ALIGN (0x4)
                0x000000cc                __section_table_start = .
                0x000000cc                __data_section_table = .
                0x000000cc        0x4 LONG 0x50c LOADADDR (.data)
                0x000000d0        0x4 LONG 0x10000000 ADDR (.data)
                0x000000d4        0x4 LONG 0x0 SIZEOF (.data)
                0x000000d8        0x4 LONG 0x50c LOADADDR (.data_RAM2)
                0x000000dc        0x4 LONG 0x2007c000 ADDR (.data_RAM2)
                0x000000e0        0x4 LONG 0x0 SIZEOF (.data_RAM2)
                0x000000e4                __data_section_table_end = .
                0x000000e4                __bss_section_table = .
                0x000000e4        0x4 LONG 0x10000000 ADDR (.bss)
                0x000000e8        0x4 LONG 0x0 SIZEOF (.bss)
                0x000000ec        0x4 LONG 0x2007c000 ADDR (.bss_RAM2)
                0x000000f0        0x4 LONG 0x0 SIZEOF (.bss_RAM2)
                0x000000f4                __bss_section_table_end = .
                0x000000f4                __section_table_end = .
 *(.after_vectors*)
 .after_vectors
                0x000000f4      0x144 ./src/cr_startup_lpc175x_6x.o
                0x000000f4                data_init
                0x00000138                bss_init
                0x00000170                ResetISR
                0x000001e8                NMI_Handler
                0x000001f0                HardFault_Handler
                0x000001f8                MemManage_Handler
                0x00000200                BusFault_Handler
                0x00000208                UsageFault_Handler
                0x00000210                SVC_Handler
                0x00000218                DebugMon_Handler
                0x00000220                PendSV_Handler
                0x00000228                SysTick_Handler
                0x00000230                EINT3_IRQHandler
                0x00000230                CANActivity_IRQHandler
                0x00000230                TIMER3_IRQHandler
                0x00000230                UART0_IRQHandler
                0x00000230                UART1_IRQHandler
                0x00000230                EINT2_IRQHandler
                0x00000230                USBActivity_IRQHandler
                0x00000230                IntDefaultHandler
                0x00000230                PLL0_IRQHandler
                0x00000230                I2C0_IRQHandler
                0x00000230                I2C1_IRQHandler
                0x00000230                SSP0_IRQHandler
                0x00000230                I2S_IRQHandler
                0x00000230                I2C2_IRQHandler
                0x00000230                RTC_IRQHandler
                0x00000230                SPI_IRQHandler
                0x00000230                RIT_IRQHandler
                0x00000230                EINT1_IRQHandler
                0x00000230                TIMER1_IRQHandler
                0x00000230                UART2_IRQHandler
                0x00000230                ADC_IRQHandler
                0x00000230                SSP1_IRQHandler
                0x00000230                USB_IRQHandler
                0x00000230                BOD_IRQHandler
                0x00000230                PLL1_IRQHandler
                0x00000230                WDT_IRQHandler
                0x00000230                PWM1_IRQHandler
                0x00000230                QEI_IRQHandler
                0x00000230                EINT0_IRQHandler
                0x00000230                CAN_IRQHandler
                0x00000230                DMA_IRQHandler
                0x00000230                TIMER2_IRQHandler
                0x00000230                UART3_IRQHandler
                0x00000230                MCPWM_IRQHandler
                0x00000230                ENET_IRQHandler
                0x000002fc                . = 0x2fc
 *fill*         0x00000238       0xc4 ff
                0x000002fc                PROVIDE (__CRP_WORD_START__, .)
 *(.crp)
 .crp           0x000002fc        0x4 ./src/crp.o
                0x000002fc                CRP_WORD
                0x00000300                PROVIDE (__CRP_WORD_END__, .)
                0x00000001                ASSERT (! ((__CRP_WORD_START__ == __CRP_WORD_END__)), Linker CRP Enabled, but no CRP_WORD provided within application)
 *(.text*)
 .text.main     0x00000300       0xc4 ./src/Trabajo2_TIMER.o
                0x00000300                main
 .text.TIMER0_IRQHandler
                0x000003c4       0x60 ./src/Trabajo2_TIMER.o
                0x000003c4                TIMER0_IRQHandler
 .text.SystemInit
                0x00000424       0xe4 C:\Users\Sergei\Documents\LPCXpresso_8.2.2_650\workspace\CMSISv2p00_LPC17xx\Debug\libCMSISv2p00_LPC17xx.a(system_LPC17xx.o)
                0x00000424                SystemInit
 .text.__weak_main
                0x00000508        0x4 c:/nxp/lpcxpresso_8.2.2_650/lpcxpresso/tools/bin/../lib/gcc/arm-none-eabi/5.4.1/../../../../arm-none-eabi/lib/armv7-m\libcr_c.a(__weak__main.o)
                0x00000508                __weak_main
                0x00000508                __main
 *(.rodata .rodata.* .constdata .constdata.*)
                0x0000050c                . = ALIGN (0x4)

.glue_7         0x0000050c        0x0
 .glue_7        0x0000050c        0x0 linker stubs

.glue_7t        0x0000050c        0x0
 .glue_7t       0x0000050c        0x0 linker stubs

.vfp11_veneer   0x0000050c        0x0
 .vfp11_veneer  0x0000050c        0x0 linker stubs

.v4_bx          0x0000050c        0x0
 .v4_bx         0x0000050c        0x0 linker stubs

.iplt           0x0000050c        0x0
 .iplt          0x0000050c        0x0 ./src/Trabajo2_TIMER.o

.rel.dyn        0x0000050c        0x0
 .rel.iplt      0x0000050c        0x0 ./src/Trabajo2_TIMER.o

.ARM.extab
 *(.ARM.extab* .gnu.linkonce.armextab.*)
                0x0000050c                __exidx_start = .

.ARM.exidx
 *(.ARM.exidx* .gnu.linkonce.armexidx.*)
                0x0000050c                __exidx_end = .
                0x0000050c                _etext = .

.data_RAM2      0x2007c000        0x0 load address 0x0000050c
 FILL mask 0xff
                [!provide]                PROVIDE (__start_data_RAM2, .)
 *(.ramfunc.$RAM2)
 *(.ramfunc.$RamAHB32)
 *(.data.$RAM2*)
 *(.data.$RamAHB32*)
                0x2007c000                . = ALIGN (0x4)
                [!provide]                PROVIDE (__end_data_RAM2, .)

.uninit_RESERVED
                0x10000000        0x0
 *(.bss.$RESERVED*)
                0x10000000                . = ALIGN (0x4)
                0x10000000                _end_uninit_RESERVED = .

.data           0x10000000        0x0 load address 0x0000050c
 FILL mask 0xff
                0x10000000                _data = .
 *(vtable)
 *(.ramfunc*)
 *(.data*)
                0x10000000                . = ALIGN (0x4)
                0x10000000                _edata = .

.igot.plt       0x10000000        0x0 load address 0x0000050c
 .igot.plt      0x10000000        0x0 ./src/Trabajo2_TIMER.o

.bss_RAM2       0x2007c000        0x0
                [!provide]                PROVIDE (__start_bss_RAM2, .)
 *(.bss.$RAM2*)
 *(.bss.$RamAHB32*)
                0x2007c000                . = ALIGN ((. != 0x0)?0x4:0x1)
                [!provide]                PROVIDE (__end_bss_RAM2, .)

.bss            0x10000000        0x0
                0x10000000                _bss = .
 *(.bss*)
 *(COMMON)
                0x10000000                . = ALIGN (0x4)
                0x10000000                _ebss = .
                [!provide]                PROVIDE (end, .)

.noinit_RAM2    0x2007c000        0x0
 *(.noinit.$RAM2*)
 *(.noinit.$RamAHB32*)
                0x2007c000                . = ALIGN (0x4)

.noinit         0x10000000        0x0
                0x10000000                _noinit = .
 *(.noinit*)
                0x10000000                . = ALIGN (0x4)
                0x10000000                _end_noinit = .
                [!provide]                PROVIDE (_pvHeapStart, DEFINED (__user_heap_base)?__user_heap_base:.)
                0x10008000                PROVIDE (_vStackTop, DEFINED (__user_stack_top)?__user_stack_top:(__top_RamLoc32 - 0x0))
                0xefff74b2                PROVIDE (__valid_user_code_checksum, (0x0 - ((((((_vStackTop + (ResetISR + 0x1)) + (NMI_Handler + 0x1)) + (HardFault_Handler + 0x1)) + (DEFINED (MemManage_Handler)?MemManage_Handler:0x0 + 0x1)) + (DEFINED (BusFault_Handler)?BusFault_Handler:0x0 + 0x1)) + (DEFINED (UsageFault_Handler)?UsageFault_Handler:0x0 + 0x1))))
OUTPUT(Trabajo2_TIMER.axf elf32-littlearm)

.debug_info     0x00000000      0x7cf
 .debug_info    0x00000000      0x225 ./src/Trabajo2_TIMER.o
 .debug_info    0x00000225      0x253 ./src/cr_startup_lpc175x_6x.o
 .debug_info    0x00000478       0x3f ./src/crp.o
 .debug_info    0x000004b7      0x318 C:\Users\Sergei\Documents\LPCXpresso_8.2.2_650\workspace\CMSISv2p00_LPC17xx\Debug\libCMSISv2p00_LPC17xx.a(system_LPC17xx.o)

.debug_abbrev   0x00000000      0x2c7
 .debug_abbrev  0x00000000       0xb6 ./src/Trabajo2_TIMER.o
 .debug_abbrev  0x000000b6       0xf5 ./src/cr_startup_lpc175x_6x.o
 .debug_abbrev  0x000001ab       0x36 ./src/crp.o
 .debug_abbrev  0x000001e1       0xe6 C:\Users\Sergei\Documents\LPCXpresso_8.2.2_650\workspace\CMSISv2p00_LPC17xx\Debug\libCMSISv2p00_LPC17xx.a(system_LPC17xx.o)

.debug_aranges  0x00000000       0xe8
 .debug_aranges
                0x00000000       0x28 ./src/Trabajo2_TIMER.o
 .debug_aranges
                0x00000028       0x80 ./src/cr_startup_lpc175x_6x.o
 .debug_aranges
                0x000000a8       0x18 ./src/crp.o
 .debug_aranges
                0x000000c0       0x28 C:\Users\Sergei\Documents\LPCXpresso_8.2.2_650\workspace\CMSISv2p00_LPC17xx\Debug\libCMSISv2p00_LPC17xx.a(system_LPC17xx.o)

.debug_ranges   0x00000000       0xa0
 .debug_ranges  0x00000000       0x18 ./src/Trabajo2_TIMER.o
 .debug_ranges  0x00000018       0x70 ./src/cr_startup_lpc175x_6x.o
 .debug_ranges  0x00000088       0x18 C:\Users\Sergei\Documents\LPCXpresso_8.2.2_650\workspace\CMSISv2p00_LPC17xx\Debug\libCMSISv2p00_LPC17xx.a(system_LPC17xx.o)

.debug_macro    0x00000000     0x256f
 .debug_macro   0x00000000       0x7e ./src/Trabajo2_TIMER.o
 .debug_macro   0x0000007e      0x88c ./src/Trabajo2_TIMER.o
 .debug_macro   0x0000090a       0x1c ./src/Trabajo2_TIMER.o
 .debug_macro   0x00000926       0x2e ./src/Trabajo2_TIMER.o
 .debug_macro   0x00000954       0x10 ./src/Trabajo2_TIMER.o
 .debug_macro   0x00000964      0x12d ./src/Trabajo2_TIMER.o
 .debug_macro   0x00000a91      0x5b2 ./src/Trabajo2_TIMER.o
 .debug_macro   0x00001043       0x18 ./src/Trabajo2_TIMER.o
 .debug_macro   0x0000105b      0x7af ./src/Trabajo2_TIMER.o
 .debug_macro   0x0000180a      0x2c7 ./src/Trabajo2_TIMER.o
 .debug_macro   0x00001ad1       0x82 ./src/Trabajo2_TIMER.o
 .debug_macro   0x00001b53       0x1d ./src/cr_startup_lpc175x_6x.o
 .debug_macro   0x00001b70       0x1a ./src/crp.o
 .debug_macro   0x00001b8a       0x34 ./src/crp.o
 .debug_macro   0x00001bbe      0x12b C:\Users\Sergei\Documents\LPCXpresso_8.2.2_650\workspace\CMSISv2p00_LPC17xx\Debug\libCMSISv2p00_LPC17xx.a(system_LPC17xx.o)
 .debug_macro   0x00001ce9      0x886 C:\Users\Sergei\Documents\LPCXpresso_8.2.2_650\workspace\CMSISv2p00_LPC17xx\Debug\libCMSISv2p00_LPC17xx.a(system_LPC17xx.o)

.debug_line     0x00000000      0x543
 .debug_line    0x00000000      0x223 ./src/Trabajo2_TIMER.o
 .debug_line    0x00000223       0xd5 ./src/cr_startup_lpc175x_6x.o
 .debug_line    0x000002f8       0x78 ./src/crp.o
 .debug_line    0x00000370      0x1d3 C:\Users\Sergei\Documents\LPCXpresso_8.2.2_650\workspace\CMSISv2p00_LPC17xx\Debug\libCMSISv2p00_LPC17xx.a(system_LPC17xx.o)

.debug_str      0x00000000     0x89b4
 .debug_str     0x00000000     0x81af ./src/Trabajo2_TIMER.o
                               0x8230 (size before relaxing)
 .debug_str     0x000081af      0x1c2 ./src/cr_startup_lpc175x_6x.o
                               0x26c3 (size before relaxing)
 .debug_str     0x00008371       0xe9 ./src/crp.o
                               0x25db (size before relaxing)
 .debug_str     0x0000845a      0x55a C:\Users\Sergei\Documents\LPCXpresso_8.2.2_650\workspace\CMSISv2p00_LPC17xx\Debug\libCMSISv2p00_LPC17xx.a(system_LPC17xx.o)
                               0x814c (size before relaxing)

.comment        0x00000000       0xdc
 .comment       0x00000000       0x6e ./src/Trabajo2_TIMER.o
                                 0x6f (size before relaxing)
 .comment       0x0000006e       0x6f ./src/cr_startup_lpc175x_6x.o
 .comment       0x0000006e       0x6f ./src/crp.o
 .comment       0x0000006e       0x6f C:\Users\Sergei\Documents\LPCXpresso_8.2.2_650\workspace\CMSISv2p00_LPC17xx\Debug\libCMSISv2p00_LPC17xx.a(system_LPC17xx.o)
 .comment       0x0000006e       0x6e c:/nxp/lpcxpresso_8.2.2_650/lpcxpresso/tools/bin/../lib/gcc/arm-none-eabi/5.4.1/../../../../arm-none-eabi/lib/armv7-m\libcr_c.a(__weak__main.o)
                                 0x6f (size before relaxing)

.ARM.attributes
                0x00000000       0x31
 .ARM.attributes
                0x00000000       0x33 ./src/Trabajo2_TIMER.o
 .ARM.attributes
                0x00000033       0x33 ./src/cr_startup_lpc175x_6x.o
 .ARM.attributes
                0x00000066       0x33 ./src/crp.o
 .ARM.attributes
                0x00000099       0x33 C:\Users\Sergei\Documents\LPCXpresso_8.2.2_650\workspace\CMSISv2p00_LPC17xx\Debug\libCMSISv2p00_LPC17xx.a(system_LPC17xx.o)
 .ARM.attributes
                0x000000cc       0x33 c:/nxp/lpcxpresso_8.2.2_650/lpcxpresso/tools/bin/../lib/gcc/arm-none-eabi/5.4.1/../../../../arm-none-eabi/lib/armv7-m\libcr_c.a(__weak__main.o)

.debug_frame    0x00000000      0x1fc
 .debug_frame   0x00000000       0x50 ./src/Trabajo2_TIMER.o
 .debug_frame   0x00000050      0x170 ./src/cr_startup_lpc175x_6x.o
 .debug_frame   0x000001c0       0x3c C:\Users\Sergei\Documents\LPCXpresso_8.2.2_650\workspace\CMSISv2p00_LPC17xx\Debug\libCMSISv2p00_LPC17xx.a(system_LPC17xx.o)
